
> karu-nature-club@0.1.0 build
> next build

